[1;38;5;33mGophKeeper[0m                                                                                                              
[1;38;5;244mPassword Manager · Session: none[0m                                                                                        
[1;38;5;244m────────────────────────────────────────────────────────────────────────────────[0m                                        
[38;5;238m┌──────────────────────────────────────────────────────────────────────────────────────────────────────────────────┐[0m    
[38;5;238m│[0m [1;38;5;244mRegister[0m                                                                                                         [38;5;238m│[0m    
[38;5;238m│[0m [1;38;5;244m────────────────────────[0m                                                                                         [38;5;238m│[0m    
[38;5;238m│[0m [1;38;5;244musername        [0m: [1;38;5;244m> [0m[38;5;251malice[0m                                                                                        [38;5;238m│[0m    
[38;5;238m│[0m [1;38;5;244mpassword        [0m: [1;38;5;244m> [0m[38;5;251m****[0m                                                                                         [38;5;238m│[0m    
[38;5;238m│[0m [1;38;5;244mconfirm password[0m: [1;38;5;244m> [0m[38;5;251m****[0m[1;7;38;5;39m [0m                                                                                        [38;5;238m│[0m    
[38;5;238m│[0m [1;38;5;244m[tab] next  [shift+tab] prev  [enter] submit  [esc] cancel[0m                                                       [38;5;238m│[0m    
[38;5;238m│[0m                                                                                                                  [38;5;238m│[0m    
[38;5;238m│[0m                                                                                                                  [38;5;238m│[0m    
[38;5;238m│[0m                                                                                                                  [38;5;238m│[0m    
[38;5;238m│[0m                                                                                                                  [38;5;238m│[0m    
[38;5;238m│[0m                                                                                                                  [38;5;238m│[0m    
[38;5;238m│[0m                                                                                                                  [38;5;238m│[0m    
[38;5;238m│[0m                                                                                                                  [38;5;238m│[0m    
[38;5;238m│[0m                                                                                                                  [38;5;238m│[0m    
[38;5;238m│[0m                                                                                                                  [38;5;238m│[0m    
[38;5;238m│[0m                                                                                                                  [38;5;238m│[0m    
[38;5;238m│[0m                                                                                                                  [38;5;238m│[0m    
[38;5;238m│[0m                                                                                                                  [38;5;238m│[0m    
[38;5;238m│[0m                                                                                                                  [38;5;238m│[0m    
[38;5;238m│[0m                                                                                                                  [38;5;238m│[0m    
[38;5;238m│[0m                                                                                                                  [38;5;238m│[0m    
[38;5;238m│[0m                                                                                                                  [38;5;238m│[0m    
[38;5;238m│[0m                                                                                                                  [38;5;238m│[0m    
[38;5;238m│[0m                                                                                                                  [38;5;238m│[0m    
[38;5;238m│[0m                                                                                                                  [38;5;238m│[0m    
[38;5;238m│[0m                                                                                                                  [38;5;238m│[0m    
[38;5;238m│[0m                                                                                                                  [38;5;238m│[0m    
[38;5;238m│[0m                                                                                                                  [38;5;238m│[0m    
[38;5;238m│[0m                                                                                                                  [38;5;238m│[0m    
[38;5;238m└──────────────────────────────────────────────────────────────────────────────────────────────────────────────────┘[0m    
[38;5;238m┌──────────────────────────────────────────────────────────────────────────────────────────────────────────────────────┐[0m
[38;5;238m│[0m [1;38;5;244ml login  r register  x logout  s sync  v version[0m                                                                     [38;5;238m│[0m
[38;5;238m│[0m [1;38;5;244ma add  e edit  d delete  enter view  q quit[0m                                                                          [38;5;238m│[0m
[38;5;238m│[0m [1;38;5;244mf filter  c clear-filter  esc back (compact view)[0m                                                                    [38;5;238m│[0m
[38;5;238m└──────────────────────────────────────────────────────────────────────────────────────────────────────────────────────┘[0m