[1;38;5;33mGophKeeper[0m                                                                                                              
[1;38;5;244mPassword Manager · Session: none[0m                                                                                        
[1;38;5;244m────────────────────────────────────────────────────────────────────────────────[0m                                        
[38;5;238m┌──────────────────────────────────────────────────────────┐[0m[38;5;238m┌──────────────────────────────────────────────────────────┐[0m
[38;5;238m│[0m [1;38;5;244mNot logged in.[0m                                           [38;5;238m│[0m[38;5;238m│[0m [1;38;5;244mInfo[0m                                                     [38;5;238m│[0m
[38;5;238m│[0m [1;38;5;244mPress l to login or r to register.[0m                       [38;5;238m│[0m[38;5;238m│[0m [1;38;5;244m────────────────────────[0m                                 [38;5;238m│[0m
[38;5;238m│[0m                                                          [38;5;238m│[0m[38;5;238m│[0m No items.                                                [38;5;238m│[0m
[38;5;238m│[0m                                                          [38;5;238m│[0m[38;5;238m│[0m                                                          [38;5;238m│[0m
[38;5;238m│[0m                                                          [38;5;238m│[0m[38;5;238m│[0m [38;5;35mnot logged in: press l to login or r to register[0m         [38;5;238m│[0m
[38;5;238m│[0m                                                          [38;5;238m│[0m[38;5;238m│[0m                                                          [38;5;238m│[0m
[38;5;238m│[0m                                                          [38;5;238m│[0m[38;5;238m│[0m                                                          [38;5;238m│[0m
[38;5;238m│[0m                                                          [38;5;238m│[0m[38;5;238m│[0m                                                          [38;5;238m│[0m
[38;5;238m│[0m                                                          [38;5;238m│[0m[38;5;238m│[0m                                                          [38;5;238m│[0m
[38;5;238m│[0m                                                          [38;5;238m│[0m[38;5;238m│[0m                                                          [38;5;238m│[0m
[38;5;238m│[0m                                                          [38;5;238m│[0m[38;5;238m│[0m                                                          [38;5;238m│[0m
[38;5;238m│[0m                                                          [38;5;238m│[0m[38;5;238m│[0m                                                          [38;5;238m│[0m
[38;5;238m│[0m                                                          [38;5;238m│[0m[38;5;238m│[0m                                                          [38;5;238m│[0m
[38;5;238m│[0m                                                          [38;5;238m│[0m[38;5;238m│[0m                                                          [38;5;238m│[0m
[38;5;238m│[0m                                                          [38;5;238m│[0m[38;5;238m│[0m                                                          [38;5;238m│[0m
[38;5;238m│[0m                                                          [38;5;238m│[0m[38;5;238m│[0m                                                          [38;5;238m│[0m
[38;5;238m│[0m                                                          [38;5;238m│[0m[38;5;238m│[0m                                                          [38;5;238m│[0m
[38;5;238m│[0m                                                          [38;5;238m│[0m[38;5;238m│[0m                                                          [38;5;238m│[0m
[38;5;238m│[0m                                                          [38;5;238m│[0m[38;5;238m│[0m                                                          [38;5;238m│[0m
[38;5;238m│[0m                                                          [38;5;238m│[0m[38;5;238m│[0m                                                          [38;5;238m│[0m
[38;5;238m│[0m                                                          [38;5;238m│[0m[38;5;238m│[0m                                                          [38;5;238m│[0m
[38;5;238m│[0m                                                          [38;5;238m│[0m[38;5;238m│[0m                                                          [38;5;238m│[0m
[38;5;238m│[0m                                                          [38;5;238m│[0m[38;5;238m│[0m                                                          [38;5;238m│[0m
[38;5;238m│[0m                                                          [38;5;238m│[0m[38;5;238m│[0m                                                          [38;5;238m│[0m
[38;5;238m│[0m                                                          [38;5;238m│[0m[38;5;238m│[0m                                                          [38;5;238m│[0m
[38;5;238m│[0m                                                          [38;5;238m│[0m[38;5;238m│[0m                                                          [38;5;238m│[0m
[38;5;238m│[0m                                                          [38;5;238m│[0m[38;5;238m│[0m                                                          [38;5;238m│[0m
[38;5;238m│[0m                                                          [38;5;238m│[0m[38;5;238m│[0m                                                          [38;5;238m│[0m
[38;5;238m│[0m                                                          [38;5;238m│[0m[38;5;238m│[0m                                                          [38;5;238m│[0m
[38;5;238m└──────────────────────────────────────────────────────────┘[0m[38;5;238m└──────────────────────────────────────────────────────────┘[0m
[38;5;238m┌──────────────────────────────────────────────────────────────────────────────────────────────────────────────────────┐[0m
[38;5;238m│[0m [1;38;5;244ml login  r register  x logout  s sync  v version[0m                                                                     [38;5;238m│[0m
[38;5;238m│[0m [1;38;5;244ma add  e edit  d delete  enter view  q quit[0m                                                                          [38;5;238m│[0m
[38;5;238m│[0m [1;38;5;244mf filter  c clear-filter  esc back (compact view)[0m                                                                    [38;5;238m│[0m
[38;5;238m└──────────────────────────────────────────────────────────────────────────────────────────────────────────────────────┘[0m